src/App.tsx(6,18): error TS6133: 'AnimatePresence' is declared but its value is never read.
src/App.tsx(12,5): error TS6133: 'allSales' is declared but its value is never read.
src/components/SalesCard.tsx(4,10): error TS1484: 'Sale' is a type and must be imported using a type-only import when 'verbatimModuleSyntax' is enabled.
src/components/SalesForm.tsx(4,23): error TS6133: 'STAGES' is declared but its value is never read.
src/components/SalesForm.tsx(4,31): error TS1484: 'Stage' is a type and must be imported using a type-only import when 'verbatimModuleSyntax' is enabled.
src/components/SalesPipeline.tsx(2,18): error TS1484: 'Sale' is a type and must be imported using a type-only import when 'verbatimModuleSyntax' is enabled.
src/components/SalesPipeline.tsx(2,24): error TS1484: 'Stage' is a type and must be imported using a type-only import when 'verbatimModuleSyntax' is enabled.
src/components/SalesPipeline.tsx(4,10): error TS6133: 'motion' is declared but its value is never read.
src/components/SalesPipeline.tsx(5,10): error TS6133: 'ArrowRight' is declared but its value is never read.
src/components/Sidebar.tsx(2,46): error TS6133: 'Settings' is declared but its value is never read.
